 core.pendCycle : Accumulator : Sum.u64 = 1474827; SumSQ.u64 = 23265227; Count.u64 = 93698; Min.u64 = 0; Max.u64 = 16; 
 core.reads : Accumulator : Sum.u64 = 3006; SumSQ.u64 = 3006; Count.u64 = 3006; Min.u64 = 1; Max.u64 = 1; 
 core.writes : Accumulator : Sum.u64 = 1994; SumSQ.u64 = 1994; Count.u64 = 1994; Min.u64 = 1; Max.u64 = 1; 
 l1cache.default_stat : Accumulator : Sum.u64 = 0; SumSQ.u64 = 0; Count.u64 = 0; Min.u64 = 0; Max.u64 = 0; 
 l1cache.stateEvent_GetS_I : Accumulator : Sum.u64 = 3002; SumSQ.u64 = 3002; Count.u64 = 3002; Min.u64 = 1; Max.u64 = 1; 
 l1cache.stateEvent_GetS_E : Accumulator : Sum.u64 = 4; SumSQ.u64 = 4; Count.u64 = 4; Min.u64 = 1; Max.u64 = 1; 
 l1cache.stateEvent_GetS_M : Accumulator : Sum.u64 = 0; SumSQ.u64 = 0; Count.u64 = 0; Min.u64 = 0; Max.u64 = 0; 
 l1cache.stateEvent_GetX_I : Accumulator : Sum.u64 = 1991; SumSQ.u64 = 1991; Count.u64 = 1991; Min.u64 = 1; Max.u64 = 1; 
 l1cache.stateEvent_GetX_E : Accumulator : Sum.u64 = 1; SumSQ.u64 = 1; Count.u64 = 1; Min.u64 = 1; Max.u64 = 1; 
 l1cache.stateEvent_GetX_M : Accumulator : Sum.u64 = 2; SumSQ.u64 = 2; Count.u64 = 2; Min.u64 = 1; Max.u64 = 1; 
 l1cache.stateEvent_GetSX_I : Accumulator : Sum.u64 = 0; SumSQ.u64 = 0; Count.u64 = 0; Min.u64 = 0; Max.u64 = 0; 
 l1cache.stateEvent_GetSX_E : Accumulator : Sum.u64 = 0; SumSQ.u64 = 0; Count.u64 = 0; Min.u64 = 0; Max.u64 = 0; 
 l1cache.stateEvent_GetSX_M : Accumulator : Sum.u64 = 0; SumSQ.u64 = 0; Count.u64 = 0; Min.u64 = 0; Max.u64 = 0; 
 l1cache.stateEvent_GetSResp_IM : Accumulator : Sum.u64 = 3002; SumSQ.u64 = 3002; Count.u64 = 3002; Min.u64 = 1; Max.u64 = 1; 
 l1cache.stateEvent_GetXResp_IM : Accumulator : Sum.u64 = 1991; SumSQ.u64 = 1991; Count.u64 = 1991; Min.u64 = 1; Max.u64 = 1; 
 l1cache.stateEvent_FlushLine_I : Accumulator : Sum.u64 = 0; SumSQ.u64 = 0; Count.u64 = 0; Min.u64 = 0; Max.u64 = 0; 
 l1cache.stateEvent_FlushLine_E : Accumulator : Sum.u64 = 0; SumSQ.u64 = 0; Count.u64 = 0; Min.u64 = 0; Max.u64 = 0; 
 l1cache.stateEvent_FlushLine_M : Accumulator : Sum.u64 = 0; SumSQ.u64 = 0; Count.u64 = 0; Min.u64 = 0; Max.u64 = 0; 
 l1cache.stateEvent_FlushLine_IS : Accumulator : Sum.u64 = 0; SumSQ.u64 = 0; Count.u64 = 0; Min.u64 = 0; Max.u64 = 0; 
 l1cache.stateEvent_FlushLine_IM : Accumulator : Sum.u64 = 0; SumSQ.u64 = 0; Count.u64 = 0; Min.u64 = 0; Max.u64 = 0; 
 l1cache.stateEvent_FlushLine_IB : Accumulator : Sum.u64 = 0; SumSQ.u64 = 0; Count.u64 = 0; Min.u64 = 0; Max.u64 = 0; 
 l1cache.stateEvent_FlushLine_SB : Accumulator : Sum.u64 = 0; SumSQ.u64 = 0; Count.u64 = 0; Min.u64 = 0; Max.u64 = 0; 
 l1cache.stateEvent_FlushLineInv_I : Accumulator : Sum.u64 = 0; SumSQ.u64 = 0; Count.u64 = 0; Min.u64 = 0; Max.u64 = 0; 
 l1cache.stateEvent_FlushLineInv_E : Accumulator : Sum.u64 = 0; SumSQ.u64 = 0; Count.u64 = 0; Min.u64 = 0; Max.u64 = 0; 
 l1cache.stateEvent_FlushLineInv_M : Accumulator : Sum.u64 = 0; SumSQ.u64 = 0; Count.u64 = 0; Min.u64 = 0; Max.u64 = 0; 
 l1cache.stateEvent_FlushLineInv_IS : Accumulator : Sum.u64 = 0; SumSQ.u64 = 0; Count.u64 = 0; Min.u64 = 0; Max.u64 = 0; 
 l1cache.stateEvent_FlushLineInv_IM : Accumulator : Sum.u64 = 0; SumSQ.u64 = 0; Count.u64 = 0; Min.u64 = 0; Max.u64 = 0; 
 l1cache.stateEvent_FlushLineInv_IB : Accumulator : Sum.u64 = 0; SumSQ.u64 = 0; Count.u64 = 0; Min.u64 = 0; Max.u64 = 0; 
 l1cache.stateEvent_FlushLineInv_SB : Accumulator : Sum.u64 = 0; SumSQ.u64 = 0; Count.u64 = 0; Min.u64 = 0; Max.u64 = 0; 
 l1cache.stateEvent_FlushLineResp_I : Accumulator : Sum.u64 = 0; SumSQ.u64 = 0; Count.u64 = 0; Min.u64 = 0; Max.u64 = 0; 
 l1cache.stateEvent_FlushLineResp_IB : Accumulator : Sum.u64 = 0; SumSQ.u64 = 0; Count.u64 = 0; Min.u64 = 0; Max.u64 = 0; 
 l1cache.stateEvent_FlushLineResp_SB : Accumulator : Sum.u64 = 0; SumSQ.u64 = 0; Count.u64 = 0; Min.u64 = 0; Max.u64 = 0; 
 l1cache.eventSent_GetS : Accumulator : Sum.u64 = 3002; SumSQ.u64 = 3002; Count.u64 = 3002; Min.u64 = 1; Max.u64 = 1; 
 l1cache.eventSent_GetX : Accumulator : Sum.u64 = 1991; SumSQ.u64 = 1991; Count.u64 = 1991; Min.u64 = 1; Max.u64 = 1; 
 l1cache.eventSent_GetSX : Accumulator : Sum.u64 = 0; SumSQ.u64 = 0; Count.u64 = 0; Min.u64 = 0; Max.u64 = 0; 
 l1cache.eventSent_Write : Accumulator : Sum.u64 = 0; SumSQ.u64 = 0; Count.u64 = 0; Min.u64 = 0; Max.u64 = 0; 
 l1cache.eventSent_PutM : Accumulator : Sum.u64 = 1977; SumSQ.u64 = 1977; Count.u64 = 1977; Min.u64 = 1; Max.u64 = 1; 
 l1cache.eventSent_NACK : Accumulator : Sum.u64 = 0; SumSQ.u64 = 0; Count.u64 = 0; Min.u64 = 0; Max.u64 = 0; 
 l1cache.eventSent_FlushLine : Accumulator : Sum.u64 = 0; SumSQ.u64 = 0; Count.u64 = 0; Min.u64 = 0; Max.u64 = 0; 
 l1cache.eventSent_FlushLineInv : Accumulator : Sum.u64 = 0; SumSQ.u64 = 0; Count.u64 = 0; Min.u64 = 0; Max.u64 = 0; 
 l1cache.eventSent_GetSResp : Accumulator : Sum.u64 = 3006; SumSQ.u64 = 3006; Count.u64 = 3006; Min.u64 = 1; Max.u64 = 1; 
 l1cache.eventSent_GetXResp : Accumulator : Sum.u64 = 0; SumSQ.u64 = 0; Count.u64 = 0; Min.u64 = 0; Max.u64 = 0; 
 l1cache.eventSent_WriteResp : Accumulator : Sum.u64 = 1994; SumSQ.u64 = 1994; Count.u64 = 1994; Min.u64 = 1; Max.u64 = 1; 
 l1cache.eventSent_FlushLineResp : Accumulator : Sum.u64 = 0; SumSQ.u64 = 0; Count.u64 = 0; Min.u64 = 0; Max.u64 = 0; 
 l1cache.eventSent_Put : Accumulator : Sum.u64 = 0; SumSQ.u64 = 0; Count.u64 = 0; Min.u64 = 0; Max.u64 = 0; 
 l1cache.eventSent_Get : Accumulator : Sum.u64 = 0; SumSQ.u64 = 0; Count.u64 = 0; Min.u64 = 0; Max.u64 = 0; 
 l1cache.eventSent_AckMove : Accumulator : Sum.u64 = 0; SumSQ.u64 = 0; Count.u64 = 0; Min.u64 = 0; Max.u64 = 0; 
 l1cache.eventSent_CustomReq : Accumulator : Sum.u64 = 0; SumSQ.u64 = 0; Count.u64 = 0; Min.u64 = 0; Max.u64 = 0; 
 l1cache.eventSent_CustomResp : Accumulator : Sum.u64 = 0; SumSQ.u64 = 0; Count.u64 = 0; Min.u64 = 0; Max.u64 = 0; 
 l1cache.eventSent_CustomAck : Accumulator : Sum.u64 = 0; SumSQ.u64 = 0; Count.u64 = 0; Min.u64 = 0; Max.u64 = 0; 
 l1cache.latency_GetS_hit : Accumulator : Sum.u64 = 71; SumSQ.u64 = 3211; Count.u64 = 4; Min.u64 = 5; Max.u64 = 56; 
 l1cache.latency_GetS_miss : Accumulator : Sum.u64 = 873339; SumSQ.u64 = 261520129; Count.u64 = 3002; Min.u64 = 40; Max.u64 = 765; 
 l1cache.latency_GetX_hit : Accumulator : Sum.u64 = 176; SumSQ.u64 = 27606; Count.u64 = 3; Min.u64 = 5; Max.u64 = 166; 
 l1cache.latency_GetX_miss : Accumulator : Sum.u64 = 581241; SumSQ.u64 = 173853869; Count.u64 = 1991; Min.u64 = 40; Max.u64 = 567; 
 l1cache.latency_GetSX_hit : Accumulator : Sum.u64 = 0; SumSQ.u64 = 0; Count.u64 = 0; Min.u64 = 0; Max.u64 = 0; 
 l1cache.latency_GetSX_miss : Accumulator : Sum.u64 = 0; SumSQ.u64 = 0; Count.u64 = 0; Min.u64 = 0; Max.u64 = 0; 
 l1cache.latency_FlushLine : Accumulator : Sum.u64 = 0; SumSQ.u64 = 0; Count.u64 = 0; Min.u64 = 0; Max.u64 = 0; 
 l1cache.latency_FlushLine_fail : Accumulator : Sum.u64 = 0; SumSQ.u64 = 0; Count.u64 = 0; Min.u64 = 0; Max.u64 = 0; 
 l1cache.latency_FlushLineInv : Accumulator : Sum.u64 = 0; SumSQ.u64 = 0; Count.u64 = 0; Min.u64 = 0; Max.u64 = 0; 
 l1cache.latency_FlushLineInv_fail : Accumulator : Sum.u64 = 0; SumSQ.u64 = 0; Count.u64 = 0; Min.u64 = 0; Max.u64 = 0; 
 l1cache.GetSHit_Arrival : Accumulator : Sum.u64 = 3; SumSQ.u64 = 3; Count.u64 = 3; Min.u64 = 1; Max.u64 = 1; 
 l1cache.GetXHit_Arrival : Accumulator : Sum.u64 = 2; SumSQ.u64 = 2; Count.u64 = 2; Min.u64 = 1; Max.u64 = 1; 
 l1cache.GetSXHit_Arrival : Accumulator : Sum.u64 = 0; SumSQ.u64 = 0; Count.u64 = 0; Min.u64 = 0; Max.u64 = 0; 
 l1cache.GetSHit_Blocked : Accumulator : Sum.u64 = 1; SumSQ.u64 = 1; Count.u64 = 1; Min.u64 = 1; Max.u64 = 1; 
 l1cache.GetXHit_Blocked : Accumulator : Sum.u64 = 1; SumSQ.u64 = 1; Count.u64 = 1; Min.u64 = 1; Max.u64 = 1; 
 l1cache.GetSXHit_Blocked : Accumulator : Sum.u64 = 0; SumSQ.u64 = 0; Count.u64 = 0; Min.u64 = 0; Max.u64 = 0; 
 l1cache.GetSMiss_Arrival : Accumulator : Sum.u64 = 2716; SumSQ.u64 = 2716; Count.u64 = 2716; Min.u64 = 1; Max.u64 = 1; 
 l1cache.GetXMiss_Arrival : Accumulator : Sum.u64 = 1802; SumSQ.u64 = 1802; Count.u64 = 1802; Min.u64 = 1; Max.u64 = 1; 
 l1cache.GetSXMiss_Arrival : Accumulator : Sum.u64 = 0; SumSQ.u64 = 0; Count.u64 = 0; Min.u64 = 0; Max.u64 = 0; 
 l1cache.GetSMiss_Blocked : Accumulator : Sum.u64 = 286; SumSQ.u64 = 286; Count.u64 = 286; Min.u64 = 1; Max.u64 = 1; 
 l1cache.GetXMiss_Blocked : Accumulator : Sum.u64 = 189; SumSQ.u64 = 189; Count.u64 = 189; Min.u64 = 1; Max.u64 = 1; 
 l1cache.GetSXMiss_Blocked : Accumulator : Sum.u64 = 0; SumSQ.u64 = 0; Count.u64 = 0; Min.u64 = 0; Max.u64 = 0; 
 l1cache.CacheHits : Accumulator : Sum.u64 = 7; SumSQ.u64 = 7; Count.u64 = 7; Min.u64 = 1; Max.u64 = 1; 
 l1cache.CacheMisses : Accumulator : Sum.u64 = 4993; SumSQ.u64 = 4993; Count.u64 = 4993; Min.u64 = 1; Max.u64 = 1; 
 l1cache.evict_I : Accumulator : Sum.u64 = 699; SumSQ.u64 = 699; Count.u64 = 699; Min.u64 = 1; Max.u64 = 1; 
 l1cache.evict_E : Accumulator : Sum.u64 = 2984; SumSQ.u64 = 2984; Count.u64 = 2984; Min.u64 = 1; Max.u64 = 1; 
 l1cache.evict_M : Accumulator : Sum.u64 = 1977; SumSQ.u64 = 1977; Count.u64 = 1977; Min.u64 = 1; Max.u64 = 1; 
 l1cache.evict_IM : Accumulator : Sum.u64 = 667; SumSQ.u64 = 667; Count.u64 = 667; Min.u64 = 1; Max.u64 = 1; 
 l1cache.evict_IB : Accumulator : Sum.u64 = 0; SumSQ.u64 = 0; Count.u64 = 0; Min.u64 = 0; Max.u64 = 0; 
 l1cache.evict_SB : Accumulator : Sum.u64 = 0; SumSQ.u64 = 0; Count.u64 = 0; Min.u64 = 0; Max.u64 = 0; 
 l1cache.eventSent_PutE : Accumulator : Sum.u64 = 0; SumSQ.u64 = 0; Count.u64 = 0; Min.u64 = 0; Max.u64 = 0; 
 l1cache.TotalEventsReceived : Accumulator : Sum.u64 = 9993; SumSQ.u64 = 9993; Count.u64 = 9993; Min.u64 = 1; Max.u64 = 1; 
 l1cache.TotalEventsReplayed : Accumulator : Sum.u64 = 1336; SumSQ.u64 = 1336; Count.u64 = 1336; Min.u64 = 1; Max.u64 = 1; 
 l1cache.Put_uncache_recv : Accumulator : Sum.u64 = 0; SumSQ.u64 = 0; Count.u64 = 0; Min.u64 = 0; Max.u64 = 0; 
 l1cache.Get_uncache_recv : Accumulator : Sum.u64 = 0; SumSQ.u64 = 0; Count.u64 = 0; Min.u64 = 0; Max.u64 = 0; 
 l1cache.AckMove_uncache_recv : Accumulator : Sum.u64 = 0; SumSQ.u64 = 0; Count.u64 = 0; Min.u64 = 0; Max.u64 = 0; 
 l1cache.GetS_uncache_recv : Accumulator : Sum.u64 = 0; SumSQ.u64 = 0; Count.u64 = 0; Min.u64 = 0; Max.u64 = 0; 
 l1cache.Write_uncache_recv : Accumulator : Sum.u64 = 0; SumSQ.u64 = 0; Count.u64 = 0; Min.u64 = 0; Max.u64 = 0; 
 l1cache.GetSX_uncache_recv : Accumulator : Sum.u64 = 0; SumSQ.u64 = 0; Count.u64 = 0; Min.u64 = 0; Max.u64 = 0; 
 l1cache.GetSResp_uncache_recv : Accumulator : Sum.u64 = 0; SumSQ.u64 = 0; Count.u64 = 0; Min.u64 = 0; Max.u64 = 0; 
 l1cache.WriteResp_uncache_recv : Accumulator : Sum.u64 = 0; SumSQ.u64 = 0; Count.u64 = 0; Min.u64 = 0; Max.u64 = 0; 
 l1cache.CustomReq_uncache_recv : Accumulator : Sum.u64 = 0; SumSQ.u64 = 0; Count.u64 = 0; Min.u64 = 0; Max.u64 = 0; 
 l1cache.CustomResp_uncache_recv : Accumulator : Sum.u64 = 0; SumSQ.u64 = 0; Count.u64 = 0; Min.u64 = 0; Max.u64 = 0; 
 l1cache.CustomAck_uncache_recv : Accumulator : Sum.u64 = 0; SumSQ.u64 = 0; Count.u64 = 0; Min.u64 = 0; Max.u64 = 0; 
 l1cache.NULLCMD_recv : Accumulator : Sum.u64 = 0; SumSQ.u64 = 0; Count.u64 = 0; Min.u64 = 0; Max.u64 = 0; 
 l1cache.GetS_recv : Accumulator : Sum.u64 = 3006; SumSQ.u64 = 3006; Count.u64 = 3006; Min.u64 = 1; Max.u64 = 1; 
 l1cache.GetX_recv : Accumulator : Sum.u64 = 0; SumSQ.u64 = 0; Count.u64 = 0; Min.u64 = 0; Max.u64 = 0; 
 l1cache.GetSX_recv : Accumulator : Sum.u64 = 0; SumSQ.u64 = 0; Count.u64 = 0; Min.u64 = 0; Max.u64 = 0; 
 l1cache.Write_recv : Accumulator : Sum.u64 = 1994; SumSQ.u64 = 1994; Count.u64 = 1994; Min.u64 = 1; Max.u64 = 1; 
 l1cache.FlushLine_recv : Accumulator : Sum.u64 = 0; SumSQ.u64 = 0; Count.u64 = 0; Min.u64 = 0; Max.u64 = 0; 
 l1cache.FlushLineInv_recv : Accumulator : Sum.u64 = 0; SumSQ.u64 = 0; Count.u64 = 0; Min.u64 = 0; Max.u64 = 0; 
 l1cache.GetSResp_recv : Accumulator : Sum.u64 = 3002; SumSQ.u64 = 3002; Count.u64 = 3002; Min.u64 = 1; Max.u64 = 1; 
 l1cache.GetXResp_recv : Accumulator : Sum.u64 = 1991; SumSQ.u64 = 1991; Count.u64 = 1991; Min.u64 = 1; Max.u64 = 1; 
 l1cache.WriteResp_recv : Accumulator : Sum.u64 = 0; SumSQ.u64 = 0; Count.u64 = 0; Min.u64 = 0; Max.u64 = 0; 
 l1cache.FlushLineResp_recv : Accumulator : Sum.u64 = 0; SumSQ.u64 = 0; Count.u64 = 0; Min.u64 = 0; Max.u64 = 0; 
 l1cache.NACK_recv : Accumulator : Sum.u64 = 0; SumSQ.u64 = 0; Count.u64 = 0; Min.u64 = 0; Max.u64 = 0; 
 l1cache.MSHR_occupancy : Accumulator : Sum.u64 = 1444812; SumSQ.u64 = 22381492; Count.u64 = 93698; Min.u64 = 0; Max.u64 = 16; 
 l1cache.Bank_conflicts : Accumulator : Sum.u64 = 0; SumSQ.u64 = 0; Count.u64 = 0; Min.u64 = 0; Max.u64 = 0; 
 l2cache.default_stat : Accumulator : Sum.u64 = 0; SumSQ.u64 = 0; Count.u64 = 0; Min.u64 = 0; Max.u64 = 0; 
 l2cache.stateEvent_GetS_I : Accumulator : Sum.u64 = 2952; SumSQ.u64 = 2952; Count.u64 = 2952; Min.u64 = 1; Max.u64 = 1; 
 l2cache.stateEvent_GetS_E : Accumulator : Sum.u64 = 0; SumSQ.u64 = 0; Count.u64 = 0; Min.u64 = 0; Max.u64 = 0; 
 l2cache.stateEvent_GetS_M : Accumulator : Sum.u64 = 50; SumSQ.u64 = 50; Count.u64 = 50; Min.u64 = 1; Max.u64 = 1; 
 l2cache.stateEvent_GetX_I : Accumulator : Sum.u64 = 1991; SumSQ.u64 = 1991; Count.u64 = 1991; Min.u64 = 1; Max.u64 = 1; 
 l2cache.stateEvent_GetX_E : Accumulator : Sum.u64 = 0; SumSQ.u64 = 0; Count.u64 = 0; Min.u64 = 0; Max.u64 = 0; 
 l2cache.stateEvent_GetX_M : Accumulator : Sum.u64 = 0; SumSQ.u64 = 0; Count.u64 = 0; Min.u64 = 0; Max.u64 = 0; 
 l2cache.stateEvent_GetSX_I : Accumulator : Sum.u64 = 0; SumSQ.u64 = 0; Count.u64 = 0; Min.u64 = 0; Max.u64 = 0; 
 l2cache.stateEvent_GetSX_E : Accumulator : Sum.u64 = 0; SumSQ.u64 = 0; Count.u64 = 0; Min.u64 = 0; Max.u64 = 0; 
 l2cache.stateEvent_GetSX_M : Accumulator : Sum.u64 = 0; SumSQ.u64 = 0; Count.u64 = 0; Min.u64 = 0; Max.u64 = 0; 
 l2cache.stateEvent_GetSResp_I : Accumulator : Sum.u64 = 0; SumSQ.u64 = 0; Count.u64 = 0; Min.u64 = 0; Max.u64 = 0; 
 l2cache.stateEvent_GetSResp_IS : Accumulator : Sum.u64 = 0; SumSQ.u64 = 0; Count.u64 = 0; Min.u64 = 0; Max.u64 = 0; 
 l2cache.stateEvent_GetXResp_I : Accumulator : Sum.u64 = 4919; SumSQ.u64 = 4919; Count.u64 = 4919; Min.u64 = 1; Max.u64 = 1; 
 l2cache.stateEvent_GetXResp_IS : Accumulator : Sum.u64 = 0; SumSQ.u64 = 0; Count.u64 = 0; Min.u64 = 0; Max.u64 = 0; 
 l2cache.stateEvent_GetXResp_IM : Accumulator : Sum.u64 = 0; SumSQ.u64 = 0; Count.u64 = 0; Min.u64 = 0; Max.u64 = 0; 
 l2cache.stateEvent_PutE_I : Accumulator : Sum.u64 = 0; SumSQ.u64 = 0; Count.u64 = 0; Min.u64 = 0; Max.u64 = 0; 
 l2cache.stateEvent_PutE_E : Accumulator : Sum.u64 = 0; SumSQ.u64 = 0; Count.u64 = 0; Min.u64 = 0; Max.u64 = 0; 
 l2cache.stateEvent_PutE_M : Accumulator : Sum.u64 = 0; SumSQ.u64 = 0; Count.u64 = 0; Min.u64 = 0; Max.u64 = 0; 
 l2cache.stateEvent_PutE_IS : Accumulator : Sum.u64 = 0; SumSQ.u64 = 0; Count.u64 = 0; Min.u64 = 0; Max.u64 = 0; 
 l2cache.stateEvent_PutE_IM : Accumulator : Sum.u64 = 0; SumSQ.u64 = 0; Count.u64 = 0; Min.u64 = 0; Max.u64 = 0; 
 l2cache.stateEvent_PutE_IB : Accumulator : Sum.u64 = 0; SumSQ.u64 = 0; Count.u64 = 0; Min.u64 = 0; Max.u64 = 0; 
 l2cache.stateEvent_PutE_SB : Accumulator : Sum.u64 = 0; SumSQ.u64 = 0; Count.u64 = 0; Min.u64 = 0; Max.u64 = 0; 
 l2cache.stateEvent_PutM_I : Accumulator : Sum.u64 = 1953; SumSQ.u64 = 1953; Count.u64 = 1953; Min.u64 = 1; Max.u64 = 1; 
 l2cache.stateEvent_PutM_E : Accumulator : Sum.u64 = 0; SumSQ.u64 = 0; Count.u64 = 0; Min.u64 = 0; Max.u64 = 0; 
 l2cache.stateEvent_PutM_M : Accumulator : Sum.u64 = 24; SumSQ.u64 = 24; Count.u64 = 24; Min.u64 = 1; Max.u64 = 1; 
 l2cache.stateEvent_PutM_IS : Accumulator : Sum.u64 = 0; SumSQ.u64 = 0; Count.u64 = 0; Min.u64 = 0; Max.u64 = 0; 
 l2cache.stateEvent_PutM_IM : Accumulator : Sum.u64 = 0; SumSQ.u64 = 0; Count.u64 = 0; Min.u64 = 0; Max.u64 = 0; 
 l2cache.stateEvent_PutM_IB : Accumulator : Sum.u64 = 0; SumSQ.u64 = 0; Count.u64 = 0; Min.u64 = 0; Max.u64 = 0; 
 l2cache.stateEvent_PutM_SB : Accumulator : Sum.u64 = 0; SumSQ.u64 = 0; Count.u64 = 0; Min.u64 = 0; Max.u64 = 0; 
 l2cache.stateEvent_FlushLine_I : Accumulator : Sum.u64 = 0; SumSQ.u64 = 0; Count.u64 = 0; Min.u64 = 0; Max.u64 = 0; 
 l2cache.stateEvent_FlushLine_E : Accumulator : Sum.u64 = 0; SumSQ.u64 = 0; Count.u64 = 0; Min.u64 = 0; Max.u64 = 0; 
 l2cache.stateEvent_FlushLine_M : Accumulator : Sum.u64 = 0; SumSQ.u64 = 0; Count.u64 = 0; Min.u64 = 0; Max.u64 = 0; 
 l2cache.stateEvent_FlushLine_IS : Accumulator : Sum.u64 = 0; SumSQ.u64 = 0; Count.u64 = 0; Min.u64 = 0; Max.u64 = 0; 
 l2cache.stateEvent_FlushLine_IM : Accumulator : Sum.u64 = 0; SumSQ.u64 = 0; Count.u64 = 0; Min.u64 = 0; Max.u64 = 0; 
 l2cache.stateEvent_FlushLine_IB : Accumulator : Sum.u64 = 0; SumSQ.u64 = 0; Count.u64 = 0; Min.u64 = 0; Max.u64 = 0; 
 l2cache.stateEvent_FlushLine_SB : Accumulator : Sum.u64 = 0; SumSQ.u64 = 0; Count.u64 = 0; Min.u64 = 0; Max.u64 = 0; 
 l2cache.stateEvent_FlushLineInv_I : Accumulator : Sum.u64 = 0; SumSQ.u64 = 0; Count.u64 = 0; Min.u64 = 0; Max.u64 = 0; 
 l2cache.stateEvent_FlushLineInv_E : Accumulator : Sum.u64 = 0; SumSQ.u64 = 0; Count.u64 = 0; Min.u64 = 0; Max.u64 = 0; 
 l2cache.stateEvent_FlushLineInv_M : Accumulator : Sum.u64 = 0; SumSQ.u64 = 0; Count.u64 = 0; Min.u64 = 0; Max.u64 = 0; 
 l2cache.stateEvent_FlushLineInv_IS : Accumulator : Sum.u64 = 0; SumSQ.u64 = 0; Count.u64 = 0; Min.u64 = 0; Max.u64 = 0; 
 l2cache.stateEvent_FlushLineInv_IM : Accumulator : Sum.u64 = 0; SumSQ.u64 = 0; Count.u64 = 0; Min.u64 = 0; Max.u64 = 0; 
 l2cache.stateEvent_FlushLineInv_IB : Accumulator : Sum.u64 = 0; SumSQ.u64 = 0; Count.u64 = 0; Min.u64 = 0; Max.u64 = 0; 
 l2cache.stateEvent_FlushLineInv_SB : Accumulator : Sum.u64 = 0; SumSQ.u64 = 0; Count.u64 = 0; Min.u64 = 0; Max.u64 = 0; 
 l2cache.stateEvent_FlushLineResp_I : Accumulator : Sum.u64 = 0; SumSQ.u64 = 0; Count.u64 = 0; Min.u64 = 0; Max.u64 = 0; 
 l2cache.stateEvent_FlushLineResp_IB : Accumulator : Sum.u64 = 0; SumSQ.u64 = 0; Count.u64 = 0; Min.u64 = 0; Max.u64 = 0; 
 l2cache.stateEvent_FlushLineResp_SB : Accumulator : Sum.u64 = 0; SumSQ.u64 = 0; Count.u64 = 0; Min.u64 = 0; Max.u64 = 0; 
 l2cache.eventSent_GetS : Accumulator : Sum.u64 = 2952; SumSQ.u64 = 2952; Count.u64 = 2952; Min.u64 = 1; Max.u64 = 1; 
 l2cache.eventSent_GetX : Accumulator : Sum.u64 = 1967; SumSQ.u64 = 1967; Count.u64 = 1967; Min.u64 = 1; Max.u64 = 1; 
 l2cache.eventSent_GetSX : Accumulator : Sum.u64 = 0; SumSQ.u64 = 0; Count.u64 = 0; Min.u64 = 0; Max.u64 = 0; 
 l2cache.eventSent_PutE : Accumulator : Sum.u64 = 0; SumSQ.u64 = 0; Count.u64 = 0; Min.u64 = 0; Max.u64 = 0; 
 l2cache.eventSent_PutM : Accumulator : Sum.u64 = 1697; SumSQ.u64 = 1697; Count.u64 = 1697; Min.u64 = 1; Max.u64 = 1; 
 l2cache.eventSent_FlushLine : Accumulator : Sum.u64 = 0; SumSQ.u64 = 0; Count.u64 = 0; Min.u64 = 0; Max.u64 = 0; 
 l2cache.eventSent_FlushLineInv : Accumulator : Sum.u64 = 0; SumSQ.u64 = 0; Count.u64 = 0; Min.u64 = 0; Max.u64 = 0; 
 l2cache.eventSent_NACK : Accumulator : Sum.u64 = 0; SumSQ.u64 = 0; Count.u64 = 0; Min.u64 = 0; Max.u64 = 0; 
 l2cache.eventSent_GetSResp : Accumulator : Sum.u64 = 3002; SumSQ.u64 = 3002; Count.u64 = 3002; Min.u64 = 1; Max.u64 = 1; 
 l2cache.eventSent_GetXResp : Accumulator : Sum.u64 = 1991; SumSQ.u64 = 1991; Count.u64 = 1991; Min.u64 = 1; Max.u64 = 1; 
 l2cache.eventSent_FlushLineResp : Accumulator : Sum.u64 = 0; SumSQ.u64 = 0; Count.u64 = 0; Min.u64 = 0; Max.u64 = 0; 
 l2cache.eventSent_Put : Accumulator : Sum.u64 = 0; SumSQ.u64 = 0; Count.u64 = 0; Min.u64 = 0; Max.u64 = 0; 
 l2cache.eventSent_Get : Accumulator : Sum.u64 = 0; SumSQ.u64 = 0; Count.u64 = 0; Min.u64 = 0; Max.u64 = 0; 
 l2cache.eventSent_AckMove : Accumulator : Sum.u64 = 0; SumSQ.u64 = 0; Count.u64 = 0; Min.u64 = 0; Max.u64 = 0; 
 l2cache.eventSent_CustomReq : Accumulator : Sum.u64 = 0; SumSQ.u64 = 0; Count.u64 = 0; Min.u64 = 0; Max.u64 = 0; 
 l2cache.eventSent_CustomResp : Accumulator : Sum.u64 = 0; SumSQ.u64 = 0; Count.u64 = 0; Min.u64 = 0; Max.u64 = 0; 
 l2cache.eventSent_CustomAck : Accumulator : Sum.u64 = 0; SumSQ.u64 = 0; Count.u64 = 0; Min.u64 = 0; Max.u64 = 0; 
 l2cache.latency_GetS_hit : Accumulator : Sum.u64 = 550; SumSQ.u64 = 6050; Count.u64 = 50; Min.u64 = 11; Max.u64 = 11; 
 l2cache.latency_GetS_miss : Accumulator : Sum.u64 = 758784; SumSQ.u64 = 195050650; Count.u64 = 2952; Min.u64 = 255; Max.u64 = 273; 
 l2cache.latency_GetX_hit : Accumulator : Sum.u64 = 264; SumSQ.u64 = 2904; Count.u64 = 24; Min.u64 = 11; Max.u64 = 11; 
 l2cache.latency_GetX_miss : Accumulator : Sum.u64 = 505957; SumSQ.u64 = 130152893; Count.u64 = 1967; Min.u64 = 255; Max.u64 = 269; 
 l2cache.latency_GetSX_hit : Accumulator : Sum.u64 = 0; SumSQ.u64 = 0; Count.u64 = 0; Min.u64 = 0; Max.u64 = 0; 
 l2cache.latency_GetSX_miss : Accumulator : Sum.u64 = 0; SumSQ.u64 = 0; Count.u64 = 0; Min.u64 = 0; Max.u64 = 0; 
 l2cache.latency_FlushLine : Accumulator : Sum.u64 = 0; SumSQ.u64 = 0; Count.u64 = 0; Min.u64 = 0; Max.u64 = 0; 
 l2cache.latency_FlushLineInv : Accumulator : Sum.u64 = 0; SumSQ.u64 = 0; Count.u64 = 0; Min.u64 = 0; Max.u64 = 0; 
 l2cache.GetSHit_Arrival : Accumulator : Sum.u64 = 50; SumSQ.u64 = 50; Count.u64 = 50; Min.u64 = 1; Max.u64 = 1; 
 l2cache.GetXHit_Arrival : Accumulator : Sum.u64 = 24; SumSQ.u64 = 24; Count.u64 = 24; Min.u64 = 1; Max.u64 = 1; 
 l2cache.GetSXHit_Arrival : Accumulator : Sum.u64 = 0; SumSQ.u64 = 0; Count.u64 = 0; Min.u64 = 0; Max.u64 = 0; 
 l2cache.GetSHit_Blocked : Accumulator : Sum.u64 = 0; SumSQ.u64 = 0; Count.u64 = 0; Min.u64 = 0; Max.u64 = 0; 
 l2cache.GetXHit_Blocked : Accumulator : Sum.u64 = 0; SumSQ.u64 = 0; Count.u64 = 0; Min.u64 = 0; Max.u64 = 0; 
 l2cache.GetSXHit_Blocked : Accumulator : Sum.u64 = 0; SumSQ.u64 = 0; Count.u64 = 0; Min.u64 = 0; Max.u64 = 0; 
 l2cache.GetSMiss_Arrival : Accumulator : Sum.u64 = 2952; SumSQ.u64 = 2952; Count.u64 = 2952; Min.u64 = 1; Max.u64 = 1; 
 l2cache.GetXMiss_Arrival : Accumulator : Sum.u64 = 1967; SumSQ.u64 = 1967; Count.u64 = 1967; Min.u64 = 1; Max.u64 = 1; 
 l2cache.GetSXMiss_Arrival : Accumulator : Sum.u64 = 0; SumSQ.u64 = 0; Count.u64 = 0; Min.u64 = 0; Max.u64 = 0; 
 l2cache.GetSMiss_Blocked : Accumulator : Sum.u64 = 0; SumSQ.u64 = 0; Count.u64 = 0; Min.u64 = 0; Max.u64 = 0; 
 l2cache.GetXMiss_Blocked : Accumulator : Sum.u64 = 0; SumSQ.u64 = 0; Count.u64 = 0; Min.u64 = 0; Max.u64 = 0; 
 l2cache.GetSXMiss_Blocked : Accumulator : Sum.u64 = 0; SumSQ.u64 = 0; Count.u64 = 0; Min.u64 = 0; Max.u64 = 0; 
 l2cache.CacheHits : Accumulator : Sum.u64 = 74; SumSQ.u64 = 74; Count.u64 = 74; Min.u64 = 1; Max.u64 = 1; 
 l2cache.CacheMisses : Accumulator : Sum.u64 = 4919; SumSQ.u64 = 4919; Count.u64 = 4919; Min.u64 = 1; Max.u64 = 1; 
 l2cache.evict_I : Accumulator : Sum.u64 = 256; SumSQ.u64 = 256; Count.u64 = 256; Min.u64 = 1; Max.u64 = 1; 
 l2cache.evict_E : Accumulator : Sum.u64 = 0; SumSQ.u64 = 0; Count.u64 = 0; Min.u64 = 0; Max.u64 = 0; 
 l2cache.evict_M : Accumulator : Sum.u64 = 1697; SumSQ.u64 = 1697; Count.u64 = 1697; Min.u64 = 1; Max.u64 = 1; 
 l2cache.evict_IS : Accumulator : Sum.u64 = 0; SumSQ.u64 = 0; Count.u64 = 0; Min.u64 = 0; Max.u64 = 0; 
 l2cache.evict_IM : Accumulator : Sum.u64 = 0; SumSQ.u64 = 0; Count.u64 = 0; Min.u64 = 0; Max.u64 = 0; 
 l2cache.evict_IB : Accumulator : Sum.u64 = 0; SumSQ.u64 = 0; Count.u64 = 0; Min.u64 = 0; Max.u64 = 0; 
 l2cache.evict_SB : Accumulator : Sum.u64 = 0; SumSQ.u64 = 0; Count.u64 = 0; Min.u64 = 0; Max.u64 = 0; 
 l2cache.TotalEventsReceived : Accumulator : Sum.u64 = 11889; SumSQ.u64 = 11889; Count.u64 = 11889; Min.u64 = 1; Max.u64 = 1; 
 l2cache.TotalEventsReplayed : Accumulator : Sum.u64 = 0; SumSQ.u64 = 0; Count.u64 = 0; Min.u64 = 0; Max.u64 = 0; 
 l2cache.Put_uncache_recv : Accumulator : Sum.u64 = 0; SumSQ.u64 = 0; Count.u64 = 0; Min.u64 = 0; Max.u64 = 0; 
 l2cache.Get_uncache_recv : Accumulator : Sum.u64 = 0; SumSQ.u64 = 0; Count.u64 = 0; Min.u64 = 0; Max.u64 = 0; 
 l2cache.AckMove_uncache_recv : Accumulator : Sum.u64 = 0; SumSQ.u64 = 0; Count.u64 = 0; Min.u64 = 0; Max.u64 = 0; 
 l2cache.GetS_uncache_recv : Accumulator : Sum.u64 = 0; SumSQ.u64 = 0; Count.u64 = 0; Min.u64 = 0; Max.u64 = 0; 
 l2cache.Write_uncache_recv : Accumulator : Sum.u64 = 0; SumSQ.u64 = 0; Count.u64 = 0; Min.u64 = 0; Max.u64 = 0; 
 l2cache.GetSX_uncache_recv : Accumulator : Sum.u64 = 0; SumSQ.u64 = 0; Count.u64 = 0; Min.u64 = 0; Max.u64 = 0; 
 l2cache.GetSResp_uncache_recv : Accumulator : Sum.u64 = 0; SumSQ.u64 = 0; Count.u64 = 0; Min.u64 = 0; Max.u64 = 0; 
 l2cache.WriteResp_uncache_recv : Accumulator : Sum.u64 = 0; SumSQ.u64 = 0; Count.u64 = 0; Min.u64 = 0; Max.u64 = 0; 
 l2cache.CustomReq_uncache_recv : Accumulator : Sum.u64 = 0; SumSQ.u64 = 0; Count.u64 = 0; Min.u64 = 0; Max.u64 = 0; 
 l2cache.CustomResp_uncache_recv : Accumulator : Sum.u64 = 0; SumSQ.u64 = 0; Count.u64 = 0; Min.u64 = 0; Max.u64 = 0; 
 l2cache.CustomAck_uncache_recv : Accumulator : Sum.u64 = 0; SumSQ.u64 = 0; Count.u64 = 0; Min.u64 = 0; Max.u64 = 0; 
 l2cache.NULLCMD_recv : Accumulator : Sum.u64 = 0; SumSQ.u64 = 0; Count.u64 = 0; Min.u64 = 0; Max.u64 = 0; 
 l2cache.GetS_recv : Accumulator : Sum.u64 = 3002; SumSQ.u64 = 3002; Count.u64 = 3002; Min.u64 = 1; Max.u64 = 1; 
 l2cache.GetX_recv : Accumulator : Sum.u64 = 1991; SumSQ.u64 = 1991; Count.u64 = 1991; Min.u64 = 1; Max.u64 = 1; 
 l2cache.GetSX_recv : Accumulator : Sum.u64 = 0; SumSQ.u64 = 0; Count.u64 = 0; Min.u64 = 0; Max.u64 = 0; 
 l2cache.FlushLine_recv : Accumulator : Sum.u64 = 0; SumSQ.u64 = 0; Count.u64 = 0; Min.u64 = 0; Max.u64 = 0; 
 l2cache.FlushLineInv_recv : Accumulator : Sum.u64 = 0; SumSQ.u64 = 0; Count.u64 = 0; Min.u64 = 0; Max.u64 = 0; 
 l2cache.GetSResp_recv : Accumulator : Sum.u64 = 0; SumSQ.u64 = 0; Count.u64 = 0; Min.u64 = 0; Max.u64 = 0; 
 l2cache.GetXResp_recv : Accumulator : Sum.u64 = 4919; SumSQ.u64 = 4919; Count.u64 = 4919; Min.u64 = 1; Max.u64 = 1; 
 l2cache.FlushLineResp_recv : Accumulator : Sum.u64 = 0; SumSQ.u64 = 0; Count.u64 = 0; Min.u64 = 0; Max.u64 = 0; 
 l2cache.PutM_recv : Accumulator : Sum.u64 = 1977; SumSQ.u64 = 1977; Count.u64 = 1977; Min.u64 = 1; Max.u64 = 1; 
 l2cache.PutE_recv : Accumulator : Sum.u64 = 0; SumSQ.u64 = 0; Count.u64 = 0; Min.u64 = 0; Max.u64 = 0; 
 l2cache.NACK_recv : Accumulator : Sum.u64 = 0; SumSQ.u64 = 0; Count.u64 = 0; Min.u64 = 0; Max.u64 = 0; 
 l2cache.MSHR_occupancy : Accumulator : Sum.u64 = 1249984; SumSQ.u64 = 17268994; Count.u64 = 93698; Min.u64 = 0; Max.u64 = 16; 
 l2cache.Bank_conflicts : Accumulator : Sum.u64 = 0; SumSQ.u64 = 0; Count.u64 = 0; Min.u64 = 0; Max.u64 = 0; 
 memory.requests_received_GetS : Accumulator : Sum.u64 = 2952; SumSQ.u64 = 2952; Count.u64 = 2952; Min.u64 = 1; Max.u64 = 1; 
 memory.requests_received_GetSX : Accumulator : Sum.u64 = 0; SumSQ.u64 = 0; Count.u64 = 0; Min.u64 = 0; Max.u64 = 0; 
 memory.requests_received_GetX : Accumulator : Sum.u64 = 1967; SumSQ.u64 = 1967; Count.u64 = 1967; Min.u64 = 1; Max.u64 = 1; 
 memory.requests_received_Write : Accumulator : Sum.u64 = 0; SumSQ.u64 = 0; Count.u64 = 0; Min.u64 = 0; Max.u64 = 0; 
 memory.requests_received_PutM : Accumulator : Sum.u64 = 1697; SumSQ.u64 = 1697; Count.u64 = 1697; Min.u64 = 1; Max.u64 = 1; 
 memory.outstanding_requests : Accumulator : Sum.u64 = 672892; SumSQ.u64 = 11259990; Count.u64 = 46849; Min.u64 = 0; Max.u64 = 28; 
 memory.latency_GetS : Accumulator : Sum.u64 = 300405; SumSQ.u64 = 30573099; Count.u64 = 2952; Min.u64 = 101; Max.u64 = 110; 
 memory.latency_GetSX : Accumulator : Sum.u64 = 0; SumSQ.u64 = 0; Count.u64 = 0; Min.u64 = 0; Max.u64 = 0; 
 memory.latency_GetX : Accumulator : Sum.u64 = 200348; SumSQ.u64 = 20408562; Count.u64 = 1967; Min.u64 = 101; Max.u64 = 108; 
 memory.latency_Write : Accumulator : Sum.u64 = 0; SumSQ.u64 = 0; Count.u64 = 0; Min.u64 = 0; Max.u64 = 0; 
 memory.latency_PutM : Accumulator : Sum.u64 = 172139; SumSQ.u64 = 17462637; Count.u64 = 1697; Min.u64 = 101; Max.u64 = 108; 
 memory.cycles_with_issue : Accumulator : Sum.u64 = 6616; SumSQ.u64 = 6616; Count.u64 = 6616; Min.u64 = 1; Max.u64 = 1; 
 memory.cycles_attempted_issue_but_rejected : Accumulator : Sum.u64 = 0; SumSQ.u64 = 0; Count.u64 = 0; Min.u64 = 0; Max.u64 = 0; 
 memory.total_cycles : Accumulator : Sum.u64 = 46849; SumSQ.u64 = 2194828801; Count.u64 = 1; Min.u64 = 46849; Max.u64 = 46849; 
Simulation is complete, simulated time: 46.849 us
