CORE ID: 0 PROCESSED AN EXIT EVENT

Ariel Memory Management Statistics:
---------------------------------------------------------------------
Page Table Sizes:
- Map entries         16
Page Table Coverages:
- Bytes               65536
 a0.read_requests.0 : Accumulator : Sum.u64 = 54009; SumSQ.u64 = 54009; Count.u64 = 54009; Min.u64 = 1; Max.u64 = 1; 
 a0.write_requests.0 : Accumulator : Sum.u64 = 16013; SumSQ.u64 = 16013; Count.u64 = 16013; Min.u64 = 1; Max.u64 = 1; 
 a0.instruction_count.0 : Accumulator : Sum.u64 = 140074; SumSQ.u64 = 140074; Count.u64 = 140074; Min.u64 = 1; Max.u64 = 1; 
 a0.cycles.0 : Accumulator : Sum.u64 = 275564; SumSQ.u64 = 275564; Count.u64 = 275564; Min.u64 = 1; Max.u64 = 1; 
 a0.active_cycles.0 : Accumulator : Sum.u64 = 76888; SumSQ.u64 = 76888; Count.u64 = 76888; Min.u64 = 1; Max.u64 = 1; 
 l1cache.CacheHits : Accumulator : Sum.u64 = 69265; SumSQ.u64 = 69265; Count.u64 = 69265; Min.u64 = 1; Max.u64 = 1; 
 l1cache.CacheMisses : Accumulator : Sum.u64 = 757; SumSQ.u64 = 757; Count.u64 = 757; Min.u64 = 1; Max.u64 = 1; 
Simulation is complete, simulated time: 275.564 us
