CORE ID: 0 PROCESSED AN EXIT EVENT

Ariel Memory Management Statistics:
---------------------------------------------------------------------
Page Table Sizes:
- Map entries         16
Page Table Coverages:
- Bytes               65536
 a0.read_requests.0 : Accumulator : Sum.u64 = 54009; SumSQ.u64 = 54009; Count.u64 = 54009; Min.u64 = 1; Max.u64 = 1; 
 a0.write_requests.0 : Accumulator : Sum.u64 = 16013; SumSQ.u64 = 16013; Count.u64 = 16013; Min.u64 = 1; Max.u64 = 1; 
 a0.instruction_count.0 : Accumulator : Sum.u64 = 140074; SumSQ.u64 = 140074; Count.u64 = 140074; Min.u64 = 1; Max.u64 = 1; 
 a0.cycles.0 : Accumulator : Sum.u64 = 269404; SumSQ.u64 = 269404; Count.u64 = 269404; Min.u64 = 1; Max.u64 = 1; 
 l1cache.CacheHits : Accumulator : Sum.u64 = 71264; SumSQ.u64 = 71264; Count.u64 = 71264; Min.u64 = 1; Max.u64 = 1; 
 l1cache.CacheMisses : Accumulator : Sum.u64 = 758; SumSQ.u64 = 758; Count.u64 = 758; Min.u64 = 1; Max.u64 = 1; 
Simulation is complete, simulated time: 269.404 us
