making cpu
 Connected 8 Vaults
 Connected 8 Vaults
1024: out:2027 ops/cycle:31.02
2048: out:2048 ops/cycle:31.51
3072: out:2048 ops/cycle:31.67
4096: out:2022 ops/cycle:31.76
5120: out:2047 ops/cycle:31.80
6144: out:2045 ops/cycle:31.83
7168: out:2043 ops/cycle:31.86
8192: out:2047 ops/cycle:31.88
9216: out:2034 ops/cycle:31.89
10240: out:2048 ops/cycle:31.90
11264: out:2048 ops/cycle:31.91
12288: out:2048 ops/cycle:31.92
13312: out:2045 ops/cycle:31.92
14336: out:2047 ops/cycle:31.93
15360: out:2048 ops/cycle:31.93
16384: out:2039 ops/cycle:31.94
17408: out:2045 ops/cycle:31.94
18432: out:2034 ops/cycle:31.95
19456: out:2046 ops/cycle:31.95
20480: out:2042 ops/cycle:31.95
21504: out:2048 ops/cycle:31.95
22528: out:2047 ops/cycle:31.96
23552: out:2044 ops/cycle:31.96
24576: out:2048 ops/cycle:31.96
CPU completed 798978 memOps
CPU issued 15768988 inst
Simulation is complete, simulated time: 50 us
